// 同步 ID: 76479da8 @ Sat Jul 11 07:19:43 UTC 2026
// 同步 ID: 4b85b335 @ Sat Jul 11 11:33:32 UTC 2026
// 重构日志: e6ed8466
// 重构日志: dcb5775f
// 同步 ID: 52a3ad97 @ Mon Jul 13 18:47:19 UTC 2026
// 同步 ID: 8420a84d @ Tue Jul 14 13:20:14 UTC 2026
// 重构日志: 74a3e5b9
// 同步 ID: 5caf2076 @ Fri Jul 17 17:24:17 UTC 2026
// 重构日志: 34ba0d3b
// 重构日志: 32aa92e3
// 重构日志: 21e19126
// 重构日志: e8a27081
// 重构日志: 1164f232
// 重构日志: f3873ee2
// 同步 ID: 5f851f66 @ Mon Jul 27 17:59:31 UTC 2026
// 同步 ID: d3c8a251 @ Tue Jul 28 07:54:06 UTC 2026
// 重构日志: 32bbf699
// 重构日志: 35b523df
// 重构日志: 050c7d93
// 重构日志: a9f40a6d
// 同步 ID: 8b4942c8 @ Wed Jul 29 12:37:59 UTC 2026
// 重构日志: dbd73d23
// 重构日志: c9319b34
// 同步 ID: f58a38be @ Fri Jul 31 07:34:24 UTC 2026
// 重构日志: b662394e
// 重构日志: d3bd73c0
// 重构日志: b0ab7673
// 同步 ID: f8a52634 @ Sun Aug  2 12:11:43 UTC 2026
// 重构日志: f253188d
// 同步 ID: f2cc3aed @ Mon Aug  3 07:41:00 UTC 2026
